  Line 52) ctConstructor.getName() ==> ERROR
  Line 72) ctConstructor.getDeclaringClass() ==> ERROR
  Line 78) ctConstructor.getParameterTypes() ==> ERROR
  Line 88) ctConstructor.getModifiers() ==> ERROR
  Line 89) ctConstructor.getParameterTypes() ==> ERROR
  Line 91) ctConstructor.getGenericSignature() ==> ERROR
  Line 92) SignatureAttribute.toMethodSignature(ctConstructor.getGenericSignature()) ==> ERROR
  Line 92) ctConstructor.getGenericSignature() ==> ERROR
  Line 93) methodSignature.getParameterTypes() ==> ERROR
  Line 94) JavassistUtils.signatureTypeToType(signatureType, typeSolver, this) ==> ERROR
  Line 96) ctConstructor.getParameterTypes() ==> ERROR
  Line 108) ctConstructor.getGenericSignature() ==> ERROR
  Line 109) Collections.emptyList() ==> java.util.Collections.emptyList()
  Line 111) SignatureAttribute.toMethodSignature(ctConstructor.getGenericSignature()) ==> ERROR
  Line 111) ctConstructor.getGenericSignature() ==> ERROR
  Line 112) Arrays.stream(methodSignature.getTypeParameters()).map((jasTp) -> new JavassistTypeParameter(jasTp, this, typeSolver)).collect(Collectors.toList()) ==> ERROR
  Line 112) Arrays.stream(methodSignature.getTypeParameters()).map((jasTp) -> new JavassistTypeParameter(jasTp, this, typeSolver)) ==> ERROR
  Line 112) Arrays.stream(methodSignature.getTypeParameters()) ==> ERROR
  Line 112) methodSignature.getTypeParameters() ==> ERROR
  Line 112) Collectors.toList() ==> java.util.stream.Collectors.toList()
  Line 120) JavassistFactory.modifiersToAccessLevel(ctConstructor.getModifiers()) ==> ERROR
  Line 120) ctConstructor.getModifiers() ==> ERROR
