  Line 45) wrappedNode.getResources() ==> ERROR
  Line 46) expr.getVariables() ==> ERROR
  Line 47) v.getName().getIdentifier().equals(name) ==> ERROR
  Line 47) v.getName().getIdentifier() ==> ERROR
  Line 47) v.getName() ==> ERROR
  Line 48) JavaParserSymbolDeclaration.localVar(v, typeSolver) ==> ERROR
  Line 49) Optional.of(Value.from(decl)) ==> java.util.Optional.of(T)
  Line 49) Value.from(decl) ==> com.github.javaparser.symbolsolver.model.resolution.Value.from(com.github.javaparser.symbolsolver.model.declarations.ValueDeclaration)
  Line 54) getParentNode(wrappedNode) ==> ERROR
  Line 55) StatementContext.solveInBlockAsValue(name, typeSolver, wrappedNode) ==> ERROR
  Line 57) getParent().solveSymbolAsValue(name, typeSolver) ==> com.github.javaparser.symbolsolver.core.resolution.Context.solveSymbolAsValue(java.lang.String, com.github.javaparser.symbolsolver.model.resolution.TypeSolver)
  Line 57) getParent() ==> com.github.javaparser.symbolsolver.javaparsermodel.contexts.AbstractJavaParserContext.getParent()
  Line 63) wrappedNode.getResources() ==> ERROR
  Line 64) expr.getVariables() ==> ERROR
  Line 65) v.getName().getIdentifier().equals(name) ==> ERROR
  Line 65) v.getName().getIdentifier() ==> ERROR
  Line 65) v.getName() ==> ERROR
  Line 66) SymbolReference.solved(JavaParserSymbolDeclaration.localVar(v, typeSolver)) ==> ERROR
  Line 66) JavaParserSymbolDeclaration.localVar(v, typeSolver) ==> ERROR
  Line 71) getParentNode(wrappedNode) ==> ERROR
  Line 72) StatementContext.solveInBlock(name, typeSolver, wrappedNode) ==> ERROR
  Line 74) getParent().solveSymbol(name, typeSolver) ==> com.github.javaparser.symbolsolver.core.resolution.Context.solveSymbol(java.lang.String, com.github.javaparser.symbolsolver.model.resolution.TypeSolver)
  Line 74) getParent() ==> com.github.javaparser.symbolsolver.javaparsermodel.contexts.AbstractJavaParserContext.getParent()
  Line 80) getParent().solveMethod(name, argumentsTypes, false, typeSolver) ==> com.github.javaparser.symbolsolver.core.resolution.Context.solveMethod(java.lang.String, java.util.List<com.github.javaparser.symbolsolver.model.typesystem.Type>, boolean, com.github.javaparser.symbolsolver.model.resolution.TypeSolver)
  Line 80) getParent() ==> com.github.javaparser.symbolsolver.javaparsermodel.contexts.AbstractJavaParserContext.getParent()
