  Line 44) JavassistFactory.typeUsageFor(ctField.getType(), typeSolver) ==> ERROR
  Line 44) ctField.getType() ==> ERROR
  Line 52) Modifier.isStatic(ctField.getModifiers()) ==> ERROR
  Line 52) ctField.getModifiers() ==> ERROR
  Line 57) ctField.getName() ==> ERROR
  Line 77) JavassistFactory.modifiersToAccessLevel(ctField.getModifiers()) ==> ERROR
  Line 77) ctField.getModifiers() ==> ERROR
  Line 82) JavassistFactory.toTypeDeclaration(ctField.getDeclaringClass(), typeSolver) ==> ERROR
  Line 82) ctField.getDeclaringClass() ==> ERROR
