  Line 54) isAssignableBy(new ReferenceTypeImpl(other, typeSolver)) ==> com.github.javaparser.symbolsolver.javaparsermodel.declarations.JavaParserTypeVariableDeclaration.isAssignableBy(com.github.javaparser.symbolsolver.model.typesystem.Type)
  Line 59) Helper.getPackageName(wrappedNode) ==> ERROR
  Line 64) Helper.getClassName("", wrappedNode) ==> ERROR
  Line 69) getName() ==> com.github.javaparser.symbolsolver.javaparsermodel.declarations.JavaParserTypeVariableDeclaration.getName()
  Line 79) wrappedNode.getName() ==> ERROR
  Line 93) type.isTypeVariable() ==> com.github.javaparser.symbolsolver.model.typesystem.Type.isTypeVariable()
  Line 94) type.describe() ==> com.github.javaparser.symbolsolver.model.typesystem.Type.describe()
  Line 127) Collections.emptySet() ==> java.util.Collections.emptySet()
  Line 132) wrappedNode.getName().getId() ==> ERROR
  Line 132) wrappedNode.getName() ==> ERROR
  Line 167) Collections.emptyList() ==> java.util.Collections.emptyList()
  Line 185) asTypeParameter().containerType() ==> com.github.javaparser.symbolsolver.model.declarations.TypeDeclaration.containerType()
  Line 185) asTypeParameter() ==> com.github.javaparser.symbolsolver.javaparsermodel.declarations.JavaParserTypeVariableDeclaration.asTypeParameter()
