  Line 49) getParentNode(stmt) ==> ERROR
  Line 52) getParentNode(stmt) ==> ERROR
  Line 54) blockStmt.getStatements().size() ==> ERROR
  Line 54) blockStmt.getStatements() ==> ERROR
  Line 55) blockStmt.getStatements().get(i).equals(stmt) ==> ERROR
  Line 55) blockStmt.getStatements().get(i) ==> ERROR
  Line 55) blockStmt.getStatements() ==> ERROR
  Line 63) JavaParserFactory.getSymbolDeclarator(blockStmt.getStatements().get(i), typeSolver) ==> ERROR
  Line 63) blockStmt.getStatements().get(i) ==> ERROR
  Line 63) blockStmt.getStatements() ==> ERROR
  Line 64) solveWith(symbolDeclarator, name) ==> com.github.javaparser.symbolsolver.javaparsermodel.contexts.AbstractJavaParserContext.solveWith(com.github.javaparser.symbolsolver.resolution.SymbolDeclarator, java.lang.String)
  Line 65) symbolReference.isSolved() ==> com.github.javaparser.symbolsolver.model.resolution.SymbolReference.isSolved()
  Line 71) JavaParserFactory.getContext(getParentNode(stmt), typeSolver).solveSymbol(name, typeSolver) ==> ERROR
  Line 71) JavaParserFactory.getContext(getParentNode(stmt), typeSolver) ==> ERROR
  Line 71) getParentNode(stmt) ==> ERROR
  Line 75) getParentNode(stmt) ==> ERROR
  Line 78) getParentNode(stmt) ==> ERROR
  Line 80) blockStmt.getStatements().size() ==> ERROR
  Line 80) blockStmt.getStatements() ==> ERROR
  Line 81) blockStmt.getStatements().get(i).equals(stmt) ==> ERROR
  Line 81) blockStmt.getStatements().get(i) ==> ERROR
  Line 81) blockStmt.getStatements() ==> ERROR
  Line 89) JavaParserFactory.getSymbolDeclarator(blockStmt.getStatements().get(i), typeSolver) ==> ERROR
  Line 89) blockStmt.getStatements().get(i) ==> ERROR
  Line 89) blockStmt.getStatements() ==> ERROR
  Line 90) solveWith(symbolDeclarator, name) ==> com.github.javaparser.symbolsolver.javaparsermodel.contexts.AbstractJavaParserContext.solveWith(com.github.javaparser.symbolsolver.resolution.SymbolDeclarator, java.lang.String)
  Line 91) symbolReference.isSolved() ==> com.github.javaparser.symbolsolver.model.resolution.SymbolReference.isSolved()
  Line 92) Optional.of(Value.from(symbolReference.getCorrespondingDeclaration())) ==> ERROR
  Line 92) Value.from(symbolReference.getCorrespondingDeclaration()) ==> com.github.javaparser.symbolsolver.model.resolution.Value.from(com.github.javaparser.symbolsolver.model.declarations.ValueDeclaration)
  Line 92) symbolReference.getCorrespondingDeclaration() ==> com.github.javaparser.symbolsolver.model.resolution.SymbolReference.getCorrespondingDeclaration()
  Line 97) JavaParserFactory.getContext(getParentNode(stmt), typeSolver).solveSymbolAsValue(name, typeSolver) ==> ERROR
  Line 97) JavaParserFactory.getContext(getParentNode(stmt), typeSolver) ==> ERROR
  Line 97) getParentNode(stmt) ==> ERROR
  Line 104) JavaParserFactory.getSymbolDeclarator(wrappedNode, typeSolver) ==> ERROR
  Line 105) solveWithAsValue(symbolDeclarator, name, typeSolver) ==> com.github.javaparser.symbolsolver.javaparsermodel.contexts.AbstractJavaParserContext.solveWithAsValue(com.github.javaparser.symbolsolver.resolution.SymbolDeclarator, java.lang.String, com.github.javaparser.symbolsolver.model.resolution.TypeSolver)
  Line 106) symbolReference.isPresent() ==> java.util.Optional.isPresent()
  Line 111) getParentNode(wrappedNode) ==> ERROR
  Line 112) getParent().solveSymbolAsValue(name, typeSolver) ==> com.github.javaparser.symbolsolver.core.resolution.Context.solveSymbolAsValue(java.lang.String, com.github.javaparser.symbolsolver.model.resolution.TypeSolver)
  Line 112) getParent() ==> com.github.javaparser.symbolsolver.javaparsermodel.contexts.AbstractJavaParserContext.getParent()
  Line 114) getParentNode(wrappedNode) ==> ERROR
  Line 115) getParent().solveSymbolAsValue(name, typeSolver) ==> com.github.javaparser.symbolsolver.core.resolution.Context.solveSymbolAsValue(java.lang.String, com.github.javaparser.symbolsolver.model.resolution.TypeSolver)
  Line 115) getParent() ==> com.github.javaparser.symbolsolver.javaparsermodel.contexts.AbstractJavaParserContext.getParent()
  Line 117) getParentNode(wrappedNode) ==> ERROR
  Line 118) getParent().solveSymbolAsValue(name, typeSolver) ==> com.github.javaparser.symbolsolver.core.resolution.Context.solveSymbolAsValue(java.lang.String, com.github.javaparser.symbolsolver.model.resolution.TypeSolver)
  Line 118) getParent() ==> com.github.javaparser.symbolsolver.javaparsermodel.contexts.AbstractJavaParserContext.getParent()
  Line 120) getParentNode(wrappedNode) ==> ERROR
  Line 121) getParent().solveSymbolAsValue(name, typeSolver) ==> com.github.javaparser.symbolsolver.core.resolution.Context.solveSymbolAsValue(java.lang.String, com.github.javaparser.symbolsolver.model.resolution.TypeSolver)
  Line 121) getParent() ==> com.github.javaparser.symbolsolver.javaparsermodel.contexts.AbstractJavaParserContext.getParent()
  Line 123) getParentNode(wrappedNode) ==> ERROR
  Line 125) nodeWithStmt.getStatements().size() ==> ERROR
  Line 125) nodeWithStmt.getStatements() ==> ERROR
  Line 126) nodeWithStmt.getStatements().get(i).equals(wrappedNode) ==> ERROR
  Line 126) nodeWithStmt.getStatements().get(i) ==> ERROR
  Line 126) nodeWithStmt.getStatements() ==> ERROR
  Line 134) JavaParserFactory.getSymbolDeclarator(nodeWithStmt.getStatements().get(i), typeSolver) ==> ERROR
  Line 134) nodeWithStmt.getStatements().get(i) ==> ERROR
  Line 134) nodeWithStmt.getStatements() ==> ERROR
  Line 135) solveWithAsValue(symbolDeclarator, name, typeSolver) ==> com.github.javaparser.symbolsolver.javaparsermodel.contexts.AbstractJavaParserContext.solveWithAsValue(com.github.javaparser.symbolsolver.resolution.SymbolDeclarator, java.lang.String, com.github.javaparser.symbolsolver.model.resolution.TypeSolver)
  Line 136) symbolReference.isPresent() ==> java.util.Optional.isPresent()
  Line 142) getParent() ==> com.github.javaparser.symbolsolver.javaparsermodel.contexts.AbstractJavaParserContext.getParent()
  Line 143) parentContext.solveSymbolAsValue(name, typeSolver) ==> com.github.javaparser.symbolsolver.core.resolution.Context.solveSymbolAsValue(java.lang.String, com.github.javaparser.symbolsolver.model.resolution.TypeSolver)
  Line 150) JavaParserFactory.getSymbolDeclarator(wrappedNode, typeSolver) ==> ERROR
  Line 151) solveWith(symbolDeclarator, name) ==> com.github.javaparser.symbolsolver.javaparsermodel.contexts.AbstractJavaParserContext.solveWith(com.github.javaparser.symbolsolver.resolution.SymbolDeclarator, java.lang.String)
  Line 152) symbolReference.isSolved() ==> com.github.javaparser.symbolsolver.model.resolution.SymbolReference.isSolved()
  Line 157) getParentNode(wrappedNode) ==> ERROR
  Line 158) getParent().solveSymbol(name, typeSolver) ==> com.github.javaparser.symbolsolver.core.resolution.Context.solveSymbol(java.lang.String, com.github.javaparser.symbolsolver.model.resolution.TypeSolver)
  Line 158) getParent() ==> com.github.javaparser.symbolsolver.javaparsermodel.contexts.AbstractJavaParserContext.getParent()
  Line 160) getParentNode(wrappedNode) ==> ERROR
  Line 161) getParent().solveSymbol(name, typeSolver) ==> com.github.javaparser.symbolsolver.core.resolution.Context.solveSymbol(java.lang.String, com.github.javaparser.symbolsolver.model.resolution.TypeSolver)
  Line 161) getParent() ==> com.github.javaparser.symbolsolver.javaparsermodel.contexts.AbstractJavaParserContext.getParent()
  Line 163) getParentNode(wrappedNode) ==> ERROR
  Line 164) getParent().solveSymbol(name, typeSolver) ==> com.github.javaparser.symbolsolver.core.resolution.Context.solveSymbol(java.lang.String, com.github.javaparser.symbolsolver.model.resolution.TypeSolver)
  Line 164) getParent() ==> com.github.javaparser.symbolsolver.javaparsermodel.contexts.AbstractJavaParserContext.getParent()
  Line 166) getParentNode(wrappedNode) ==> ERROR
  Line 167) getParent().solveSymbol(name, typeSolver) ==> com.github.javaparser.symbolsolver.core.resolution.Context.solveSymbol(java.lang.String, com.github.javaparser.symbolsolver.model.resolution.TypeSolver)
  Line 167) getParent() ==> com.github.javaparser.symbolsolver.javaparsermodel.contexts.AbstractJavaParserContext.getParent()
  Line 169) getParentNode(wrappedNode) ==> ERROR
  Line 171) nodeWithStmt.getStatements().size() ==> ERROR
  Line 171) nodeWithStmt.getStatements() ==> ERROR
  Line 172) nodeWithStmt.getStatements().get(i).equals(wrappedNode) ==> ERROR
  Line 172) nodeWithStmt.getStatements().get(i) ==> ERROR
  Line 172) nodeWithStmt.getStatements() ==> ERROR
  Line 180) JavaParserFactory.getSymbolDeclarator(nodeWithStmt.getStatements().get(i), typeSolver) ==> ERROR
  Line 180) nodeWithStmt.getStatements().get(i) ==> ERROR
  Line 180) nodeWithStmt.getStatements() ==> ERROR
  Line 181) solveWith(symbolDeclarator, name) ==> com.github.javaparser.symbolsolver.javaparsermodel.contexts.AbstractJavaParserContext.solveWith(com.github.javaparser.symbolsolver.resolution.SymbolDeclarator, java.lang.String)
  Line 182) symbolReference.isSolved() ==> com.github.javaparser.symbolsolver.model.resolution.SymbolReference.isSolved()
  Line 188) getParent().solveSymbol(name, typeSolver) ==> com.github.javaparser.symbolsolver.core.resolution.Context.solveSymbol(java.lang.String, com.github.javaparser.symbolsolver.model.resolution.TypeSolver)
  Line 188) getParent() ==> com.github.javaparser.symbolsolver.javaparsermodel.contexts.AbstractJavaParserContext.getParent()
  Line 193) getParent().solveMethod(name, argumentsTypes, false, typeSolver) ==> com.github.javaparser.symbolsolver.core.resolution.Context.solveMethod(java.lang.String, java.util.List<com.github.javaparser.symbolsolver.model.typesystem.Type>, boolean, com.github.javaparser.symbolsolver.model.resolution.TypeSolver)
  Line 193) getParent() ==> com.github.javaparser.symbolsolver.javaparsermodel.contexts.AbstractJavaParserContext.getParent()
  Line 198) getParent().solveType(name, typeSolver) ==> com.github.javaparser.symbolsolver.core.resolution.Context.solveType(java.lang.String, com.github.javaparser.symbolsolver.model.resolution.TypeSolver)
  Line 198) getParent() ==> com.github.javaparser.symbolsolver.javaparsermodel.contexts.AbstractJavaParserContext.getParent()
