  Line 48) this.wrappedNode.getParameters().size() ==> ERROR
  Line 48) this.wrappedNode.getParameters() ==> ERROR
  Line 53) getNumberOfParams() ==> com.github.javaparser.symbolsolver.javaparsermodel.declarations.JavaParserConstructorDeclaration.getNumberOfParams()
  Line 54) String.format("No param with index %d. Number of params: %d", i, getNumberOfParams()) ==> java.lang.String.format(java.lang.String, java.lang.Object...)
  Line 54) getNumberOfParams() ==> com.github.javaparser.symbolsolver.javaparsermodel.declarations.JavaParserConstructorDeclaration.getNumberOfParams()
  Line 56) wrappedNode.getParameters().get(i) ==> ERROR
  Line 56) wrappedNode.getParameters() ==> ERROR
  Line 61) this.classDeclaration.getName() ==> com.github.javaparser.symbolsolver.model.declarations.Declaration.getName()
  Line 75) Helper.toAccessLevel(wrappedNode.getModifiers()) ==> ERROR
  Line 75) wrappedNode.getModifiers() ==> ERROR
  Line 80) this.wrappedNode.getTypeParameters().stream().map((astTp) -> new JavaParserTypeParameter(astTp, typeSolver)).collect(Collectors.toList()) ==> ERROR
  Line 80) this.wrappedNode.getTypeParameters().stream().map((astTp) -> new JavaParserTypeParameter(astTp, typeSolver)) ==> ERROR
  Line 80) this.wrappedNode.getTypeParameters().stream() ==> ERROR
  Line 80) this.wrappedNode.getTypeParameters() ==> ERROR
  Line 80) Collectors.toList() ==> java.util.stream.Collectors.toList()
