  Line 39) symbols.add(JavaParserSymbolDeclaration.parameter(wrappedNode, typeSolver)) ==> ERROR
  Line 39) JavaParserSymbolDeclaration.parameter(wrappedNode, typeSolver) ==> UNSOLVED
