  Line 18) node.getClass().getCanonicalName() ==> ERROR
  Line 18) node.getClass() ==> java.lang.Object.getClass()
  Line 23) node.getClass().getCanonicalName() ==> ERROR
  Line 23) node.getClass() ==> java.lang.Object.getClass()
  Line 28) node.getClass().getCanonicalName() ==> ERROR
  Line 28) node.getClass() ==> java.lang.Object.getClass()
  Line 33) node.getClass().getCanonicalName() ==> ERROR
  Line 33) node.getClass() ==> java.lang.Object.getClass()
  Line 38) node.getClass().getCanonicalName() ==> ERROR
  Line 38) node.getClass() ==> java.lang.Object.getClass()
  Line 43) node.getClass().getCanonicalName() ==> ERROR
  Line 43) node.getClass() ==> java.lang.Object.getClass()
  Line 48) node.getClass().getCanonicalName() ==> ERROR
  Line 48) node.getClass() ==> java.lang.Object.getClass()
  Line 53) node.getClass().getCanonicalName() ==> ERROR
  Line 53) node.getClass() ==> java.lang.Object.getClass()
  Line 58) node.getClass().getCanonicalName() ==> ERROR
  Line 58) node.getClass() ==> java.lang.Object.getClass()
  Line 63) node.getClass().getCanonicalName() ==> ERROR
  Line 63) node.getClass() ==> java.lang.Object.getClass()
  Line 68) node.getClass().getCanonicalName() ==> ERROR
  Line 68) node.getClass() ==> java.lang.Object.getClass()
  Line 73) node.getClass().getCanonicalName() ==> ERROR
  Line 73) node.getClass() ==> java.lang.Object.getClass()
  Line 78) node.getClass().getCanonicalName() ==> ERROR
  Line 78) node.getClass() ==> java.lang.Object.getClass()
  Line 83) node.getClass().getCanonicalName() ==> ERROR
  Line 83) node.getClass() ==> java.lang.Object.getClass()
  Line 88) node.getClass().getCanonicalName() ==> ERROR
  Line 88) node.getClass() ==> java.lang.Object.getClass()
  Line 93) node.getClass().getCanonicalName() ==> ERROR
  Line 93) node.getClass() ==> java.lang.Object.getClass()
  Line 98) node.getClass().getCanonicalName() ==> ERROR
  Line 98) node.getClass() ==> java.lang.Object.getClass()
  Line 103) node.getClass().getCanonicalName() ==> ERROR
  Line 103) node.getClass() ==> java.lang.Object.getClass()
  Line 108) node.getClass().getCanonicalName() ==> ERROR
  Line 108) node.getClass() ==> java.lang.Object.getClass()
  Line 113) node.getClass().getCanonicalName() ==> ERROR
  Line 113) node.getClass() ==> java.lang.Object.getClass()
  Line 118) node.getClass().getCanonicalName() ==> ERROR
  Line 118) node.getClass() ==> java.lang.Object.getClass()
  Line 123) node.getClass().getCanonicalName() ==> ERROR
  Line 123) node.getClass() ==> java.lang.Object.getClass()
  Line 128) node.getClass().getCanonicalName() ==> ERROR
  Line 128) node.getClass() ==> java.lang.Object.getClass()
  Line 133) node.getClass().getCanonicalName() ==> ERROR
  Line 133) node.getClass() ==> java.lang.Object.getClass()
  Line 138) node.getClass().getCanonicalName() ==> ERROR
  Line 138) node.getClass() ==> java.lang.Object.getClass()
  Line 143) node.getClass().getCanonicalName() ==> ERROR
  Line 143) node.getClass() ==> java.lang.Object.getClass()
  Line 148) node.getClass().getCanonicalName() ==> ERROR
  Line 148) node.getClass() ==> java.lang.Object.getClass()
  Line 153) node.getClass().getCanonicalName() ==> ERROR
  Line 153) node.getClass() ==> java.lang.Object.getClass()
  Line 158) node.getClass().getCanonicalName() ==> ERROR
  Line 158) node.getClass() ==> java.lang.Object.getClass()
  Line 163) node.getClass().getCanonicalName() ==> ERROR
  Line 163) node.getClass() ==> java.lang.Object.getClass()
  Line 168) node.getClass().getCanonicalName() ==> ERROR
  Line 168) node.getClass() ==> java.lang.Object.getClass()
  Line 173) node.getClass().getCanonicalName() ==> ERROR
  Line 173) node.getClass() ==> java.lang.Object.getClass()
  Line 178) node.getClass().getCanonicalName() ==> ERROR
  Line 178) node.getClass() ==> java.lang.Object.getClass()
  Line 183) node.getClass().getCanonicalName() ==> ERROR
  Line 183) node.getClass() ==> java.lang.Object.getClass()
  Line 188) node.getClass().getCanonicalName() ==> ERROR
  Line 188) node.getClass() ==> java.lang.Object.getClass()
  Line 193) node.getClass().getCanonicalName() ==> ERROR
  Line 193) node.getClass() ==> java.lang.Object.getClass()
  Line 198) node.getClass().getCanonicalName() ==> ERROR
  Line 198) node.getClass() ==> java.lang.Object.getClass()
  Line 203) node.getClass().getCanonicalName() ==> ERROR
  Line 203) node.getClass() ==> java.lang.Object.getClass()
  Line 208) node.getClass().getCanonicalName() ==> ERROR
  Line 208) node.getClass() ==> java.lang.Object.getClass()
  Line 213) node.getClass().getCanonicalName() ==> ERROR
  Line 213) node.getClass() ==> java.lang.Object.getClass()
  Line 218) node.getClass().getCanonicalName() ==> ERROR
  Line 218) node.getClass() ==> java.lang.Object.getClass()
  Line 223) node.getClass().getCanonicalName() ==> ERROR
  Line 223) node.getClass() ==> java.lang.Object.getClass()
  Line 228) node.getClass().getCanonicalName() ==> ERROR
  Line 228) node.getClass() ==> java.lang.Object.getClass()
  Line 233) node.getClass().getCanonicalName() ==> ERROR
  Line 233) node.getClass() ==> java.lang.Object.getClass()
  Line 238) node.getClass().getCanonicalName() ==> ERROR
  Line 238) node.getClass() ==> java.lang.Object.getClass()
  Line 243) node.getClass().getCanonicalName() ==> ERROR
  Line 243) node.getClass() ==> java.lang.Object.getClass()
  Line 248) node.getClass().getCanonicalName() ==> ERROR
  Line 248) node.getClass() ==> java.lang.Object.getClass()
  Line 253) node.getClass().getCanonicalName() ==> ERROR
  Line 253) node.getClass() ==> java.lang.Object.getClass()
  Line 258) node.getClass().getCanonicalName() ==> ERROR
  Line 258) node.getClass() ==> java.lang.Object.getClass()
  Line 263) node.getClass().getCanonicalName() ==> ERROR
  Line 263) node.getClass() ==> java.lang.Object.getClass()
  Line 268) node.getClass().getCanonicalName() ==> ERROR
  Line 268) node.getClass() ==> java.lang.Object.getClass()
  Line 273) node.getClass().getCanonicalName() ==> ERROR
  Line 273) node.getClass() ==> java.lang.Object.getClass()
  Line 278) node.getClass().getCanonicalName() ==> ERROR
  Line 278) node.getClass() ==> java.lang.Object.getClass()
  Line 283) node.getClass().getCanonicalName() ==> ERROR
  Line 283) node.getClass() ==> java.lang.Object.getClass()
  Line 288) node.getClass().getCanonicalName() ==> ERROR
  Line 288) node.getClass() ==> java.lang.Object.getClass()
  Line 293) node.getClass().getCanonicalName() ==> ERROR
  Line 293) node.getClass() ==> java.lang.Object.getClass()
  Line 298) node.getClass().getCanonicalName() ==> ERROR
  Line 298) node.getClass() ==> java.lang.Object.getClass()
  Line 303) node.getClass().getCanonicalName() ==> ERROR
  Line 303) node.getClass() ==> java.lang.Object.getClass()
  Line 308) node.getClass().getCanonicalName() ==> ERROR
  Line 308) node.getClass() ==> java.lang.Object.getClass()
  Line 313) node.getClass().getCanonicalName() ==> ERROR
  Line 313) node.getClass() ==> java.lang.Object.getClass()
  Line 318) node.getClass().getCanonicalName() ==> ERROR
  Line 318) node.getClass() ==> java.lang.Object.getClass()
  Line 323) node.getClass().getCanonicalName() ==> ERROR
  Line 323) node.getClass() ==> java.lang.Object.getClass()
  Line 328) node.getClass().getCanonicalName() ==> ERROR
  Line 328) node.getClass() ==> java.lang.Object.getClass()
  Line 333) node.getClass().getCanonicalName() ==> ERROR
  Line 333) node.getClass() ==> java.lang.Object.getClass()
  Line 338) node.getClass().getCanonicalName() ==> ERROR
  Line 338) node.getClass() ==> java.lang.Object.getClass()
  Line 343) node.getClass().getCanonicalName() ==> ERROR
  Line 343) node.getClass() ==> java.lang.Object.getClass()
  Line 348) node.getClass().getCanonicalName() ==> ERROR
  Line 348) node.getClass() ==> java.lang.Object.getClass()
  Line 353) node.getClass().getCanonicalName() ==> ERROR
  Line 353) node.getClass() ==> java.lang.Object.getClass()
  Line 358) node.getClass().getCanonicalName() ==> ERROR
  Line 358) node.getClass() ==> java.lang.Object.getClass()
  Line 363) node.getClass().getCanonicalName() ==> ERROR
  Line 363) node.getClass() ==> java.lang.Object.getClass()
  Line 368) node.getClass().getCanonicalName() ==> ERROR
  Line 368) node.getClass() ==> java.lang.Object.getClass()
  Line 373) node.getClass().getCanonicalName() ==> ERROR
  Line 373) node.getClass() ==> java.lang.Object.getClass()
  Line 378) node.getClass().getCanonicalName() ==> ERROR
  Line 378) node.getClass() ==> java.lang.Object.getClass()
  Line 383) node.getClass().getCanonicalName() ==> ERROR
  Line 383) node.getClass() ==> java.lang.Object.getClass()
  Line 388) node.getClass().getCanonicalName() ==> ERROR
  Line 388) node.getClass() ==> java.lang.Object.getClass()
  Line 393) node.getClass().getCanonicalName() ==> ERROR
  Line 393) node.getClass() ==> java.lang.Object.getClass()
  Line 398) node.getClass().getCanonicalName() ==> ERROR
  Line 398) node.getClass() ==> java.lang.Object.getClass()
  Line 403) node.getClass().getCanonicalName() ==> ERROR
  Line 403) node.getClass() ==> java.lang.Object.getClass()
  Line 408) node.getClass().getCanonicalName() ==> ERROR
  Line 408) node.getClass() ==> java.lang.Object.getClass()
  Line 413) node.getClass().getCanonicalName() ==> ERROR
  Line 413) node.getClass() ==> java.lang.Object.getClass()
  Line 418) node.getClass().getCanonicalName() ==> ERROR
  Line 418) node.getClass() ==> java.lang.Object.getClass()
  Line 423) node.getClass().getCanonicalName() ==> ERROR
  Line 423) node.getClass() ==> java.lang.Object.getClass()
  Line 428) node.getClass().getCanonicalName() ==> ERROR
  Line 428) node.getClass() ==> java.lang.Object.getClass()
  Line 433) node.getClass().getCanonicalName() ==> ERROR
  Line 433) node.getClass() ==> java.lang.Object.getClass()
  Line 438) node.getClass().getCanonicalName() ==> ERROR
  Line 438) node.getClass() ==> java.lang.Object.getClass()
  Line 443) node.getClass().getCanonicalName() ==> ERROR
  Line 443) node.getClass() ==> java.lang.Object.getClass()
  Line 448) node.getClass().getCanonicalName() ==> ERROR
  Line 448) node.getClass() ==> java.lang.Object.getClass()
  Line 453) node.getClass().getCanonicalName() ==> ERROR
  Line 453) node.getClass() ==> java.lang.Object.getClass()
  Line 458) node.getClass().getCanonicalName() ==> ERROR
  Line 458) node.getClass() ==> java.lang.Object.getClass()
  Line 463) node.getClass().getCanonicalName() ==> ERROR
  Line 463) node.getClass() ==> java.lang.Object.getClass()
