  Line 33) JavassistFactory.typeUsageFor(type, typeSolver) ==> ERROR
